---
source: crates/journalint/src/main.rs
expression: diagnostics
---
- range:
    start:
      line: 8
      character: 8
    end:
      line: 8
      character: 14
  severity: 2
  code: invalid-end-time
  source: journalint
  message: "Invalid end time: Invalid time value `09:450`: minute value out of range"
